// Jest Snapshot v1, https://goo.gl/fbAQLP

exports[`<SectionContainer /> should match snapshot 1`] = `
.c0 {
  max-width: 120rem;
  margin: 0 auto;
  padding: 3.2rem;
}

<div>
  <div
    class="c0"
  >
    Hello, world!
  </div>
</div>
`;
