// Jest Snapshot v1, https://goo.gl/fbAQLP

exports[`<Base /> should render <Base /> 1`] = `undefined`;
