// Jest Snapshot v1, https://goo.gl/fbAQLP

exports[`<GridTwoColumns /> should render <GridTwoColumns /> 1`] = `
.c1 {
  max-width: 120rem;
  margin: 0 auto;
  padding: 3.2rem;
}

.c0 {
  background: #FFF;
  color: #0a1128;
  min-height: 100vh;
  display: -webkit-box;
  display: -webkit-flex;
  display: -ms-flexbox;
  display: flex;
  -webkit-align-items: center;
  -webkit-box-align: center;
  -ms-flex-align: center;
  align-items: center;
}

.c5 {
  color: #0a1128;
  font-size: 6.4rem;
  text-transform: uppercase;
}

.c6 {
  font-size: 2.4rem;
}

.c2 {
  display: grid;
  grid-template-columns: 1fr 2fr;
  -webkit-align-items: center;
  -webkit-box-align: center;
  -ms-flex-align: center;
  align-items: center;
  gap: 3.2rem;
}

.c2 .c4 {
  margin-bottom: 2.4rem;
}

.c3 {
  background: none;
}

.c7 > img {
  width: 100%;
}

@media screen and (max-width:768px) {
  .c5 {
    font-size: 3.2rem;
  }
}

@media screen and (max-width:768px) {
  .c2 {
    grid-template-columns: 1fr;
    text-align: center;
  }
}

@media screen and (max-width:768px) {
  .c3 {
    margin-bottom: 2.4rem;
  }
}

<div>
  <div
    class="c0"
  >
    <div
      class="c1"
    >
      <div
        class="c2"
      >
        <div
          class="c3"
        >
          <h2
            class="c4 c5"
          >
            Título da seção
          </h2>
          <p
            class="c6"
          >
            Lorem ipsum dolor sit amet consectetur adipisicing elit. Excepturi iusto fugiat quos nobis nulla enim placeat eius nam quasi sint autem ad corporis, odit, cumque minus esse ipsam, quidem voluptate.
          </p>
        </div>
        <div
          class="c7"
        >
          <img
            alt="Título da seção"
            src="https://t.ctcdn.com.br/8FplhVkDQdAatiUcehCimgkGJlI=/512x288/smart/i257652.jpeg"
          />
        </div>
      </div>
    </div>
  </div>
</div>
`;
